###############################################################################
#
# IAR C/C++ Compiler V7.12.1.987/W32 for MSP430           04/Dec/2018  11:06:29
# Copyright 1996-2018 IAR Systems AB.
# PC-locked license - IAR Embedded Workbench for Texas Instruments MSP430, 8K KickStart Edition 7.12
#
#    __rt_version  =  3
#    __double_size =  32
#    __reg_r4      =  free
#    __reg_r5      =  free
#    __pic         =  no
#    __core        =  430X
#    __data_model  =  small
#    __code_model  =  large
#    Source file   =  
#        C:\Users\Ahmed\Desktop\Project 10- New Approach\Project 10\led.c
#    Command line  =  
#        -f C:\Users\Ahmed\AppData\Local\Temp\EW6CA1.tmp
#        ("C:\Users\Ahmed\Desktop\Project 10- New Approach\Project 10\led.c"
#        -lC "C:\Users\Ahmed\Desktop\Project 10- New Approach\Project
#        10\Debug\List" -o "C:\Users\Ahmed\Desktop\Project 10- New
#        Approach\Project 10\Debug\Obj" --no_cse --no_unroll --no_inline
#        --no_code_motion --no_tbaa --debug -D__MSP430FR5994__ -e --double=32
#        --dlib_config "C:\Program Files (x86)\IAR Systems\Embedded Workbench
#        8.0\430\lib\dlib\dl430xlsfn.h" --core=430X --data_model=small -On
#        --multiplier=32 --hw_workaround=CPU40 --code_model=large)
#    Locale        =  English_USA.1252
#    List file     =  
#        C:\Users\Ahmed\Desktop\Project 10- New Approach\Project
#        10\Debug\List\led.lst
#    Object file   =  
#        C:\Users\Ahmed\Desktop\Project 10- New Approach\Project
#        10\Debug\Obj\led.r43
#
###############################################################################

C:\Users\Ahmed\Desktop\Project 10- New Approach\Project 10\led.c
      1          //===========================================================================
      2          // File Name : led.c
      3          //
      4          // Description: This file contains initializations for LEDs
      5          //
      6          // Author: Ahmed Al Mahrooqi
      7          // Date: September 2018
      8          // Compiler: Built with IAR Embedded Workbench Version: V4.10A/W32 (7.12.1)
      9          //===========================================================================
     10          
     11          #include  "msp430.h"

   \                                 In  segment DATA16_AN, at 0x202
   \   union <unnamed> _A_PAOUT_L
   \                     _A_PAOUT_L:
   \   000000                DS8 2
     12          #include  "functions.h"
     13          #include <string.h>
     14          #include "macros.h"
     15          
     16          
     17          

   \                                 In  segment CODE, align 2
     18          void Init_LEDs(void){
   \                     Init_LEDs:
     19          //------------------------------------------------------------------------------
     20          // LED Configurations
     21          //------------------------------------------------------------------------------
     22          // Turns on both LEDs
     23            P1OUT &= ~RED_LED;
   \   000000   D2C30202     BIC.B   #0x1, &0x202
     24            P1OUT &= ~GRN_LED;
   \   000004   E2C30202     BIC.B   #0x2, &0x202
     25          //------------------------------------------------------------------------------
     26          }
   \   000008   1001         RETA
   \   00000A                REQUIRE _A_PAOUT_L
     27          

   Maximum stack usage in bytes:

   CSTACK Function
   ------ --------
      4   Init_LEDs


   Segment part sizes:

   Bytes  Function/Label
   -----  --------------
      10  Init_LEDs
       2  _A_PAOUT_L

 
 10 bytes in segment CODE
  2 bytes in segment DATA16_AN
 
 10 bytes of CODE memory
  0 bytes of DATA memory (+ 2 bytes shared)

Errors: none
Warnings: none
