################################################################################
#                                                                              #
#      IAR Universal Linker V6.5.1.95                                          #
#                                                                              #
#           Link time     =  17/Nov/2018  16:34:39                             #
#           Target CPU    =  MSP430                                            #
#           List file     =  "C:\Users\Ahmed\Desktop\New_directory\Debug\List\ #
#                            Projekt 09.map"                                   #
#           Output file 1 =  "C:\Users\Ahmed\Desktop\New_directory\Debug\Exe\P #
#                            rojekt 09.d43"                                    #
#                            Format: ubrof10                                   #
#                            UBROF version 10.0.6                              #
#                            Using library modules for C-SPY (-rt)             #
#           Command line  =  -f C:\Users\Ahmed\AppData\Local\Temp\EW68DD.tmp   #
#                            (C:\Users\Ahmed\Desktop\New_directory\Debug\Obj\A #
#                            DC.r43                                            #
#                            C:\Users\Ahmed\Desktop\New_directory\Debug\Obj\bu #
#                            ttons.r43                                         #
#                            C:\Users\Ahmed\Desktop\New_directory\Debug\Obj\cl #
#                            ocks.r43                                          #
#                            C:\Users\Ahmed\Desktop\New_directory\Debug\Obj\co #
#                            nvert.r43                                         #
#                            C:\Users\Ahmed\Desktop\New_directory\Debug\Obj\di #
#                            splay.r43                                         #
#                            C:\Users\Ahmed\Desktop\New_directory\Debug\Obj\in #
#                            it.r43                                            #
#                            C:\Users\Ahmed\Desktop\New_directory\Debug\Obj\In #
#                            it_serial.r43                                     #
#                            C:\Users\Ahmed\Desktop\New_directory\Debug\Obj\In #
#                            terrupt_adc.r43                                   #
#                            C:\Users\Ahmed\Desktop\New_directory\Debug\Obj\In #
#                            terrupt_serial.r43                                #
#                            C:\Users\Ahmed\Desktop\New_directory\Debug\Obj\In #
#                            terrupt_timers.r43                                #
#                            C:\Users\Ahmed\Desktop\New_directory\Compiled\LCD #
#                            .r43                                              #
#                            C:\Users\Ahmed\Desktop\New_directory\Debug\Obj\le #
#                            d.r43                                             #
#                            C:\Users\Ahmed\Desktop\New_directory\Debug\Obj\ma #
#                            in.r43                                            #
#                            C:\Users\Ahmed\Desktop\New_directory\Debug\Obj\me #
#                            nu.r43                                            #
#                            C:\Users\Ahmed\Desktop\New_directory\Debug\Obj\mo #
#                            vements.r43                                       #
#                            C:\Users\Ahmed\Desktop\New_directory\Debug\Obj\po #
#                            rts.r43                                           #
#                            C:\Users\Ahmed\Desktop\New_directory\Debug\Obj\sy #
#                            stem.r43                                          #
#                            C:\Users\Ahmed\Desktop\New_directory\Debug\Obj\ti #
#                            mers.r43                                          #
#                            C:\Users\Ahmed\Desktop\New_directory\Debug\Obj\wa #
#                            it.r43                                            #
#                            -o                                                #
#                            "C:\Users\Ahmed\Desktop\New_directory\Debug\Exe\P #
#                            rojekt 09.d43"                                    #
#                            -l                                                #
#                            "C:\Users\Ahmed\Desktop\New_directory\Debug\List\ #
#                            Projekt 09.map"                                   #
#                            -xesni                                            #
#                            "-IC:\Program Files (x86)\IAR Systems\Embedded Wo #
#                            rkbench 8.0\430\LIB\"                             #
#                            -f                                                #
#                            "C:\Program Files (x86)\IAR Systems\Embedded Work #
#                            bench 8.0\430\config\linker\lnk430fr5994.xcl"     #
#                            (-cmsp430 -QCODE_I=CODE_ID -QTLS16_I=TLS16_ID     #
#                            -D__iar_HWMUL=4C0 -Z(CONST)INFO=1800-19FF         #
#                            -Z(CONST)INFOA=1980-19FF                          #
#                            -Z(CONST)INFOB=1900-197F                          #
#                            -Z(CONST)INFOC=1880-18FF                          #
#                            -Z(CONST)INFOD=1800-187F                          #
#                            -Z(DATA)TINYRAM=000A-001F                         #
#                            -Z(DATA)LEARAM=2C00-3AC7                          #
#                            -Z(DATA)LEASTACK=3AC8-3BFF                        #
#                            -Z(DATA)DATA16_I,DATA16_Z,DATA16_N,TLS16_I=1C00-2 #
#                            BFF                                               #
#                            -Z(DATA)CODE_I                                    #
#                            -Z(DATA)DATA20_I,DATA20_Z,DATA20_N                #
#                            -Z(DATA)CSTACK+_STACK_SIZE#                       #
#                            -Z(CONST)DATA16_P,DATA20_P=4000-FF7F              #
#                            -Z(DATA)DATA16_HEAP+_DATA16_HEAP_SIZE             #
#                            -Z(DATA)DATA20_HEAP+_DATA20_HEAP_SIZE             #
#                            -Z(CONST)MPU_B1 -Z(CONST)IPE_B1=4000-FF7F         #
#                            -Z(DATA)IPEDATA16_N -Z(CODE)IPECODE16             #
#                            -Z(CONST)IPEDATA16_C,IPE_B2 -Z(CONST)MPU_B2       #
#                            -Z(CONST)DATA16_C,DATA16_ID,TLS16_ID,DIFUNCT,CHEC #
#                            KSUM=4000-FF7F                                    #
#                            -Z(CODE)CSTART,ISR_CODE,CODE16=4000-FF7F          #
#                            -P(CODE)CODE=4000-FF7F,10000-43FFF                #
#                            -Z(CODE)CODE_PAD                                  #
#                            -Z(CONST)DATA20_C,DATA20_ID,CODE_ID=4000-FF7F,100 #
#                            40-43FFF                                          #
#                            -Z(CONST)JTAGSIGNATURE=FF80-FF83                  #
#                            -Z(CONST)BSLSIGNATURE=FF84-FF87                   #
#                            -Z(CONST)IPESIGNATURE=FF88-FF8F                   #
#                            -Z(CODE)INTVEC=FF90-FFFF                          #
#                            -Z(CODE)RESET=FFFE-FFFF) -f                       #
#                            "C:\Program Files (x86)\IAR Systems\Embedded Work #
#                            bench 8.0\430\config\linker\multiplier32.xcl"     #
#                            (-e?Mul8Hw=?Mul8 -e?Mul16Hw=?Mul16                #
#                            -e?Mul16to32uHw=?Mul16to32u                       #
#                            -e?Mul16to32sHw=?Mul16to32s -e?Mul32Hw32=?Mul32   #
#                            -e?Mul64Hw32=_Mul64i                              #
#                            -e?Mul32u32uto64iHw32=_Mul32u32uto64i             #
#                            -e?Mul32fHw32=_Mul32f                             #
#                            -e_Mul64fHw32Ptr=_Mul64fPtr) -D_STACK_SIZE=A0     #
#                            -rt                                               #
#                            "C:\Program Files (x86)\IAR Systems\Embedded Work #
#                            bench 8.0\430\lib\dlib\dl430xlsfn.r43"            #
#                            -e_PrintfLarge=_Printf -e_ScanfLarge=_Scanf       #
#                            -D_DATA16_HEAP_SIZE=A0 -s __program_start         #
#                            -D_DATA20_HEAP_SIZE=50)                           #
#                                                                              #
#                           Copyright (C) 1987-2016 IAR Systems AB.            #
################################################################################





                ****************************************
                *                                      *
                *           CROSS REFERENCE            *
                *                                      *
                ****************************************

       Program entry at :           405C  Relocatable, from module : ?cstart




                ****************************************
                *                                      *
                *            RUNTIME MODEL             *
                *                                      *
                ****************************************

  __Heap_Handler             = Basic
  __SystemLibrary            = DLib
  __code_model               = large
  __core                     = 430X
  __data_model               = small
  __dlib_file_descriptor     = 0
  __dlib_full_locale_support = 0
  __double_size              = 32
  __pic                      = no
  __reg_r4                   = free
  __reg_r5                   = free
  __rt_version               = 3

                ****************************************
                *                                      *
                *    AUTOMATIC SYMBOL REDIRECTIONS     *
                *                                      *
                ****************************************

                  There are no automatic symbol redirections.

                ****************************************
                *                                      *
                *              ENTRY LIST              *
                *                                      *
                ****************************************

Module  Entry                              Address
------  -----                              -------
?FILLER_BYTES
?ABS_ENTRY_MOD
        _DATA20_HEAP_SIZE                   0050
        _DATA16_HEAP_SIZE                   00A0
        _STACK_SIZE                         00A0
        __iar_HWMUL                         04C0
ADC ( C:\Users\Ahmed\Desktop\New_directory\Debug\Obj\ADC.r43 )
        _A_ADC12CTL0_L                      0800
        _A_ADC12CTL1_L                      0802
        _A_ADC12CTL2_L                      0804
        _A_ADC12CTL3_L                      0806
        _A_ADC12IER0_L                      0812
        _A_ADC12IER1_L                      0814
        _A_ADC12IER2_L                      0816
        _A_ADC12MCTL0_L                     0820
        _A_ADC12MCTL1_L                     0822
        _A_ADC12MCTL2_L                     0824
        _A_ADC12MCTL3_L                     0826
        _A_ADC12MCTL4_L                     0828
        Init_ADC                            43EE
        ?setjmp_save_r4                     NOT NEEDED
        ?setjmp_save_r5                     NOT NEEDED
        ADC12CTL0                           0800
        ADC12CTL0_H                         0801
        ADC12CTL0_L                         0800
        ADC12CTL1                           0802
        ADC12CTL1_H                         0803
        ADC12CTL1_L                         0802
        ADC12CTL2                           0804
        ADC12CTL2_H                         0805
        ADC12CTL2_L                         0804
        ADC12CTL3                           0806
        ADC12CTL3_H                         0807
        ADC12CTL3_L                         0806
        ADC12IER0                           0812
        ADC12IER0_H                         0813
        ADC12IER0_L                         0812
        ADC12IER1                           0814
        ADC12IER1_H                         0815
        ADC12IER1_L                         0814
        ADC12IER2                           0816
        ADC12IER2_H                         0817
        ADC12IER2_L                         0816
        ADC12MCTL0                          0820
        ADC12MCTL0_H                        0821
        ADC12MCTL0_L                        0820
        ADC12MCTL1                          0822
        ADC12MCTL1_H                        0823
        ADC12MCTL1_L                        0822
        ADC12MCTL2                          0824
        ADC12MCTL2_H                        0825
        ADC12MCTL2_L                        0824
        ADC12MCTL3                          0826
        ADC12MCTL3_H                        0827
        ADC12MCTL3_L                        0826
        ADC12MCTL4                          0828
        ADC12MCTL4_H                        0829
        ADC12MCTL4_L                        0828
buttons ( C:\Users\Ahmed\Desktop\New_directory\Debug\Obj\buttons.r43 )
        _A_PCIE_L                           025A
        _A_PCIFG_L                          025C
        _A_TA0CCTL1_L                       0344
        b1                                  1C00
        debounce1                           1C02
        debounce1_count                     1C04
        b2                                  1C06
        debounce2                           1C08
        debounce2_count                     1C0A
        BUTTON_interrupt                    4074
        BUTTON_interrupt::??INTVEC 54       FFC6
        ?setjmp_save_r4                     NOT NEEDED
        ?setjmp_save_r5                     NOT NEEDED
        PCIE                                025A
        PCIE_H                              025B
        PCIE_L                              025A
        PCIFG                               025C
        PCIFG_H                             025D
        PCIFG_L                             025C
        TA0CCTL1                            0344
        TA0CCTL1_H                          0345
        TA0CCTL1_L                          0344
clocks ( C:\Users\Ahmed\Desktop\New_directory\Debug\Obj\clocks.r43 )
        _A_CSCTL0_L                         0160
        _A_CSCTL1_L                         0162
        _A_CSCTL2_L                         0164
        _A_CSCTL3_L                         0166
        _A_CSCTL4_L                         0168
        _A_CSCTL5_L                         016A
        _A_SFRIFG1_L                        0102
        _A_WDTCTL_L                         015C
        Init_Clocks                         4972
        ?setjmp_save_r4                     NOT NEEDED
        ?setjmp_save_r5                     NOT NEEDED
        CSCTL0                              0160
        CSCTL0_H                            0161
        CSCTL0_L                            0160
        CSCTL1                              0162
        CSCTL1_H                            0163
        CSCTL1_L                            0162
        CSCTL2                              0164
        CSCTL2_H                            0165
        CSCTL2_L                            0164
        CSCTL3                              0166
        CSCTL3_H                            0167
        CSCTL3_L                            0166
        CSCTL4                              0168
        CSCTL4_H                            0169
        CSCTL4_L                            0168
        CSCTL5                              016A
        CSCTL5_H                            016B
        CSCTL5_L                            016A
        SFRIFG1                             0102
        SFRIFG1_H                           0103
        SFRIFG1_L                           0102
        WDTCTL                              015C
        WDTCTL_H                            015D
        WDTCTL_L                            015C
convert ( C:\Users\Ahmed\Desktop\New_directory\Debug\Obj\convert.r43 )
        adc_char                            NOT NEEDED
        HEXtoBCD0                           NOT NEEDED
        HEXtoBCD1                           NOT NEEDED
        HEXtoBCD2                           NOT NEEDED
        ?setjmp_save_r4                     NOT NEEDED
        ?setjmp_save_r5                     NOT NEEDED
display ( C:\Users\Ahmed\Desktop\New_directory\Debug\Obj\display.r43 )
        clear_display_line                  4CF4
        display_string_line                 4BFE
        clear_display                       4E26
        ?setjmp_save_r4                     NOT NEEDED
        ?setjmp_save_r5                     NOT NEEDED
init ( C:\Users\Ahmed\Desktop\New_directory\Debug\Obj\init.r43 )
        _A_PDOUT_L                          0262
        start_IR                            NOT NEEDED
        Init_Conditions                     49CC
        ?setjmp_save_r4                     NOT NEEDED
        ?setjmp_save_r5                     NOT NEEDED
        PDOUT                               0262
        PDOUT_H                             0263
        PDOUT_L                             0262
Init_serial ( C:\Users\Ahmed\Desktop\New_directory\Debug\Obj\Init_serial.r43 )
        _A_UCA0CTLW0_L                      05C0
        _A_UCA0BRW_L                        05C6
        _A_UCA0MCTLW_L                      05C8
        _A_UCA0TXBUF_L                      05CE
        _A_UCA0IE_L                         05DA
        _A_UCA0IFG_L                        05DC
        _A_UCA3CTLW0_L                      0620
        _A_UCA3BRW_L                        0626
        _A_UCA3MCTLW_L                      0628
        _A_UCA3TXBUF_L                      062E
        _A_UCA3IE_L                         063A
        _A_UCA3IFG_L                        063C
        A0_rx_ring_wr                       1C0C
        A3_rx_ring_wr                       1C0E
        A0_rx_ring_rd                       1C10
        A3_rx_ring_rd                       1C12
        usb_rx_ring_rd                      NOT NEEDED
        usb_tx_ring_wr                      1C14
        usb_tx_ring_rd                      1C16
        A0_Char_Rx                          1C42
        A3_Char_Rx                          1C52
        here                                NOT NEEDED
        out_character_A0                    4F10
        out_string_A0                       4B26
        out_character_A3                    NOT NEEDED
        out_string_A3                       NOT NEEDED
        clear_A0                            NOT NEEDED
        clear_A3                            NOT NEEDED
        clear_process_buffer                NOT NEEDED
        Init_Serial_UCA0                    4AD2
        Init_Serial_UCA3                    4A7E
        Init_Serial                         4EF0
        ?setjmp_save_r4                     NOT NEEDED
        ?setjmp_save_r5                     NOT NEEDED
        UCA0CTLW0                           05C0
        UCA0CTLW0_H                         05C1
        UCA0CTLW0_L                         05C0
        UCA0BRW                             05C6
        UCA0BRW_H                           05C7
        UCA0BRW_L                           05C6
        UCA0MCTLW                           05C8
        UCA0MCTLW_H                         05C9
        UCA0MCTLW_L                         05C8
        UCA0TXBUF                           05CE
        UCA0TXBUF_H                         05CF
        UCA0TXBUF_L                         05CE
        UCA0IE                              05DA
        UCA0IE_H                            05DB
        UCA0IE_L                            05DA
        UCA0IFG                             05DC
        UCA0IFG_H                           05DD
        UCA0IFG_L                           05DC
        UCA3CTLW0                           0620
        UCA3CTLW0_H                         0621
        UCA3CTLW0_L                         0620
        UCA3BRW                             0626
        UCA3BRW_H                           0627
        UCA3BRW_L                           0626
        UCA3MCTLW                           0628
        UCA3MCTLW_H                         0629
        UCA3MCTLW_L                         0628
        UCA3TXBUF                           062E
        UCA3TXBUF_H                         062F
        UCA3TXBUF_L                         062E
        UCA3IE                              063A
        UCA3IE_H                            063B
        UCA3IE_L                            063A
        UCA3IFG                             063C
        UCA3IFG_H                           063D
        UCA3IFG_L                           063C
Interrupt_adc ( C:\Users\Ahmed\Desktop\New_directory\Debug\Obj\Interrupt_adc.r43 )
        _A_ADC12IER0_L                      NOT NEEDED
        _A_ADC12IV_L                        0818
        _A_ADC12MEM0_L                      0860
        _A_ADC12MEM1_L                      0862
        _A_ADC12MEM2_L                      0864
        ADC_Thumb                           1C18
        ADC_Right_Detector                  1C1A
        ADC_Left_Detector                   1C1C
        ADC12_ISR                           40C2
        ADC12_ISR::??INTVEC 92              FFEC
        ?setjmp_save_r4                     NOT NEEDED
        ?setjmp_save_r5                     NOT NEEDED
        ADC12IER0                           0812
        ADC12IER0_H                         0813
        ADC12IER0_L                         0812
        ADC12IV                             0818
        ADC12IV_H                           0819
        ADC12IV_L                           0818
        ADC12MEM0                           0860
        ADC12MEM0_H                         0861
        ADC12MEM0_L                         0860
        ADC12MEM1                           0862
        ADC12MEM1_H                         0863
        ADC12MEM1_L                         0862
        ADC12MEM2                           0864
        ADC12MEM2_H                         0865
        ADC12MEM2_L                         0864
Interrupt_serial ( C:\Users\Ahmed\Desktop\New_directory\Debug\Obj\Interrupt_serial.r43 )
        _A_UCA0RXBUF_L                      05CC
        _A_UCA0TXBUF_L                      NOT NEEDED
        _A_UCA0IFG_L                        NOT NEEDED
        _A_UCA0IV_L                         05DE
        _A_UCA3RXBUF_L                      062C
        _A_UCA3TXBUF_L                      NOT NEEDED
        _A_UCA3IFG_L                        NOT NEEDED
        _A_UCA3IV_L                         063E
        recieved_flag_A0                    NOT NEEDED
        recieved_flag_A3                    NOT NEEDED
        rx_temp_A0                          NOT NEEDED
        rx_temp_A3                          NOT NEEDED
        A0_recieve_complete                 NOT NEEDED
        command_recieved                    1C1E
        command_recieved3                   1C20
        temp                                1C62
        temp_index3                         1C22
        process_buffer3                     1C63
        command_index                       NOT NEEDED
        temp_A3                             1C73
        eUSCI_A0_ISR                        4132
        eUSCI_A3_ISR                        419A
        eUSCI_A3_ISR::??INTVEC 48           FFC0
        eUSCI_A0_ISR::??INTVEC 96           FFF0
        ?setjmp_save_r4                     NOT NEEDED
        ?setjmp_save_r5                     NOT NEEDED
        UCA0RXBUF                           05CC
        UCA0RXBUF_H                         05CD
        UCA0RXBUF_L                         05CC
        UCA0TXBUF                           05CE
        UCA0TXBUF_H                         05CF
        UCA0TXBUF_L                         05CE
        UCA0IFG                             05DC
        UCA0IFG_H                           05DD
        UCA0IFG_L                           05DC
        UCA0IV                              05DE
        UCA0IV_H                            05DF
        UCA0IV_L                            05DE
        UCA3RXBUF                           062C
        UCA3RXBUF_H                         062D
        UCA3RXBUF_L                         062C
        UCA3TXBUF                           062E
        UCA3TXBUF_H                         062F
        UCA3TXBUF_L                         062E
        UCA3IFG                             063C
        UCA3IFG_H                           063D
        UCA3IFG_L                           063C
        UCA3IV                              063E
        UCA3IV_H                            063F
        UCA3IV_L                            063E
Interrupt_timers ( C:\Users\Ahmed\Desktop\New_directory\Debug\Obj\Interrupt_timers.r43 )
        _A_PAOUT_L                          0202
        _A_PCIE_L                           NOT NEEDED
        _A_TA0CCTL0_L                       0342
        _A_TA0CCTL1_L                       NOT NEEDED
        _A_TA0CCR0_L                        0352
        _A_TA0CCR1_L                        0354
        _A_TA0IV_L                          036E
        lcd_update_count                    1C24
        timer_a0                            1C26
        timer_a3                            NOT NEEDED
        led_blink_count                     1C28
        Timer0_A0_ISR                       41EE
        TIMER0_A1_ISR                       4210
        TIMER0_A1_ISR::??INTVEC 88          FFE8
        Timer0_A0_ISR::??INTVEC 90          FFEA
        ?setjmp_save_r4                     NOT NEEDED
        ?setjmp_save_r5                     NOT NEEDED
        PAOUT                               0202
        PAOUT_H                             0203
        PAOUT_L                             0202
        PCIE                                025A
        PCIE_H                              025B
        PCIE_L                              025A
        TA0CCTL0                            0342
        TA0CCTL0_H                          0343
        TA0CCTL0_L                          0342
        TA0CCTL1                            0344
        TA0CCTL1_H                          0345
        TA0CCTL1_L                          0344
        TA0CCR0                             0352
        TA0CCR0_H                           0353
        TA0CCR0_L                           0352
        TA0CCR1                             0354
        TA0CCR1_H                           0355
        TA0CCR1_L                           0354
        TA0IV                               036E
        TA0IV_H                             036F
        TA0IV_L                             036E
LCD ( C:\Users\Ahmed\Desktop\New_directory\Compiled\LCD.r43 )
        _A_PBOUT_L                          0222
        _A_PCOUT_L                          0242
        _A_TA0CCTL2_L                       0346
        _A_TA0CCR2_L                        0356
        _A_UCB1CTLW0_L                      0680
        _A_UCB1BRW_L                        0686
        _A_UCB1RXBUF_L                      068C
        _A_UCB1TXBUF_L                      068E
        _A_UCB1IFG_L                        06AC
        current_character                   1C74
        update_display_count                1C2A
        display_update_time                 NOT NEEDED
        update_display                      1C75
        display_changed                     1C76
        lcd_control                         NOT NEEDED
        display_line                        1C77
        display                             1C2C
        posi_L1                             NOT NEEDED
        posi_L2                             NOT NEEDED
        posi_L3                             NOT NEEDED
        posi_L4                             NOT NEEDED
        char_count                          NOT NEEDED
        current_line                        NOT NEEDED
        LCD_test                            NOT NEEDED
        spi_chipselect_idle                 4ECE
        spi_chipselect_active               4F2C
        spi_reset_idle                      4F56
        spi_reset_active                    4F4A
        Display_Process                     4DAE
        Display_Update                      4B74
        enable_display_update               4F1E
        update_string                       NOT NEEDED
        Init_LCD                            45DE
        lcd_4line                           NOT NEEDED
        lcd_BIG_mid                         NOT NEEDED
        lcd_out                             4D66
        lcd_puts                            NOT NEEDED
        WriteIns                            4D40
        WriteData                           4D1A
        CheckBusy                           NOT NEEDED
        ClrDisplay                          4E40
        ClrDisplay_Buffer_0                 4E6A
        ClrDisplay_Buffer_1                 4E56
        ClrDisplay_Buffer_2                 4EA6
        ClrDisplay_Buffer_3                 4E7E
        SetPostion                          NOT NEEDED
        DisplayOnOff                        4EBA
        Init_SPI_B1                         4C80
        SPI_B1_write                        4DEE
        ?setjmp_save_r4                     NOT NEEDED
        ?setjmp_save_r5                     NOT NEEDED
        PBOUT                               0222
        PBOUT_H                             0223
        PBOUT_L                             0222
        PCOUT                               0242
        PCOUT_H                             0243
        PCOUT_L                             0242
        TA0CCTL2                            0346
        TA0CCTL2_H                          0347
        TA0CCTL2_L                          0346
        TA0CCR2                             0356
        TA0CCR2_H                           0357
        TA0CCR2_L                           0356
        UCB1CTLW0                           0680
        UCB1CTLW0_H                         0681
        UCB1CTLW0_L                         0680
        UCB1BRW                             0686
        UCB1BRW_H                           0687
        UCB1BRW_L                           0686
        UCB1RXBUF                           068C
        UCB1RXBUF_H                         068D
        UCB1RXBUF_L                         068C
        UCB1TXBUF                           068E
        UCB1TXBUF_H                         068F
        UCB1TXBUF_L                         068E
        UCB1IFG                             06AC
        UCB1IFG_H                           06AD
        UCB1IFG_L                           06AC
led ( C:\Users\Ahmed\Desktop\New_directory\Debug\Obj\led.r43 )
        _A_PAOUT_L                          NOT NEEDED
        Init_LEDs                           4F38
        ?setjmp_save_r4                     NOT NEEDED
        ?setjmp_save_r5                     NOT NEEDED
        PAOUT                               0202
        PAOUT_H                             0203
        PAOUT_L                             0202
main ( C:\Users\Ahmed\Desktop\New_directory\Debug\Obj\main.r43 )
        _A_ADC12IER0_L                      NOT NEEDED
        _A_PAOUT_L                          NOT NEEDED
        _A_PBOUT_L                          NOT NEEDED
        _A_PCOUT_L                          NOT NEEDED
        _A_PM5CTL0_L                        0130
        display_mode                        NOT NEEDED
        b2_count                            NOT NEEDED
        b1_count                            NOT NEEDED
        timer_count                         1C34
        state                               NOT NEEDED
        start_sampling                      NOT NEEDED
        debounce_count                      NOT NEEDED
        pwm_state                           1CA3
        chosen_direction                    NOT NEEDED
        cutoff                              NOT NEEDED
        timer                               1C36
        step3_done                          NOT NEEDED
        temp_time                           NOT NEEDED
        UCA3_index                          NOT NEEDED
        transmit_done                       NOT NEEDED
        j                                   NOT NEEDED
        A0_index                            NOT NEEDED
        process_buffer                      1CA4
        temp_index                          1C38
        current_thumb                       1C3A
        option                              1CB4
        command_complete                    1C3C
        main                                42A2
        ?setjmp_save_r4                     NOT NEEDED
        ?setjmp_save_r5                     NOT NEEDED
        ADC12IER0                           0812
        ADC12IER0_H                         0813
        ADC12IER0_L                         0812
        PAOUT                               0202
        PAOUT_H                             0203
        PAOUT_L                             0202
        PBOUT                               0222
        PBOUT_H                             0223
        PBOUT_L                             0222
        PCOUT                               0242
        PCOUT_H                             0243
        PCOUT_L                             0242
        PM5CTL0                             0130
        PM5CTL0_H                           0131
        PM5CTL0_L                           0130
menu ( C:\Users\Ahmed\Desktop\New_directory\Debug\Obj\menu.r43 )
        i                                   NOT NEEDED
        main_menu                           4A26
        ?setjmp_save_r4                     NOT NEEDED
        ?setjmp_save_r5                     NOT NEEDED
movements ( C:\Users\Ahmed\Desktop\New_directory\Debug\Obj\movements.r43 )
        current_time                        NOT NEEDED
        time_to_travel                      NOT NEEDED
        first_state_done                    NOT NEEDED
        ?setjmp_save_r4                     NOT NEEDED
        ?setjmp_save_r5                     NOT NEEDED
ports ( C:\Users\Ahmed\Desktop\New_directory\Debug\Obj\ports.r43 )
        _A_PAOUT_L                          NOT NEEDED
        _A_PADIR_L                          0204
        _A_PASEL0_L                         020A
        _A_PASEL1_L                         020C
        _A_PBOUT_L                          NOT NEEDED
        _A_PBDIR_L                          0224
        _A_PBSEL0_L                         022A
        _A_PBSEL1_L                         022C
        _A_PCOUT_L                          NOT NEEDED
        _A_PCDIR_L                          0244
        _A_PCREN_L                          0246
        _A_PCSEL0_L                         024A
        _A_PCSEL1_L                         024C
        _A_PCIES_L                          0258
        _A_PCIE_L                           NOT NEEDED
        _A_PCIFG_L                          NOT NEEDED
        _A_PDOUT_L                          NOT NEEDED
        _A_PDDIR_L                          0264
        _A_PDSEL0_L                         026A
        _A_PDSEL1_L                         026C
        _A_PJDIR_L                          0324
        _A_PJSEL0_L                         032A
        _A_PJSEL1_L                         032C
        Init_Port_1                         46F8
        Init_Port_2                         47E4
        Init_Port_3                         476E
        Init_Port_4                         4852
        Init_Port_5                         451E
        Init_Port_6                         467A
        Init_Port_7                         48B6
        Init_Port_8                         4CBE
        Init_Port_J                         4914
        Init_Ports                          4D8A
        ?setjmp_save_r4                     NOT NEEDED
        ?setjmp_save_r5                     NOT NEEDED
        PAOUT                               0202
        PAOUT_H                             0203
        PAOUT_L                             0202
        PADIR                               0204
        PADIR_H                             0205
        PADIR_L                             0204
        PASEL0                              020A
        PASEL0_H                            020B
        PASEL0_L                            020A
        PASEL1                              020C
        PASEL1_H                            020D
        PASEL1_L                            020C
        PBOUT                               0222
        PBOUT_H                             0223
        PBOUT_L                             0222
        PBDIR                               0224
        PBDIR_H                             0225
        PBDIR_L                             0224
        PBSEL0                              022A
        PBSEL0_H                            022B
        PBSEL0_L                            022A
        PBSEL1                              022C
        PBSEL1_H                            022D
        PBSEL1_L                            022C
        PCOUT                               0242
        PCOUT_H                             0243
        PCOUT_L                             0242
        PCDIR                               0244
        PCDIR_H                             0245
        PCDIR_L                             0244
        PCREN                               0246
        PCREN_H                             0247
        PCREN_L                             0246
        PCSEL0                              024A
        PCSEL0_H                            024B
        PCSEL0_L                            024A
        PCSEL1                              024C
        PCSEL1_H                            024D
        PCSEL1_L                            024C
        PCIES                               0258
        PCIES_H                             0259
        PCIES_L                             0258
        PCIE                                025A
        PCIE_H                              025B
        PCIE_L                              025A
        PCIFG                               025C
        PCIFG_H                             025D
        PCIFG_L                             025C
        PDOUT                               0262
        PDOUT_H                             0263
        PDOUT_L                             0262
        PDDIR                               0264
        PDDIR_H                             0265
        PDDIR_L                             0264
        PDSEL0                              026A
        PDSEL0_H                            026B
        PDSEL0_L                            026A
        PDSEL1                              026C
        PDSEL1_H                            026D
        PDSEL1_L                            026C
        PJDIR                               0324
        PJDIR_H                             0325
        PJDIR_L                             0324
        PJSEL0                              032A
        PJSEL0_H                            032B
        PJSEL0_L                            032A
        PJSEL1                              032C
        PJSEL1_H                            032D
        PJSEL1_L                            032C
system ( C:\Users\Ahmed\Desktop\New_directory\Debug\Obj\system.r43 )
        enable_interrupts                   4F50
        ?setjmp_save_r4                     NOT NEEDED
        ?setjmp_save_r5                     NOT NEEDED
timers ( C:\Users\Ahmed\Desktop\New_directory\Debug\Obj\timers.r43 )
        _A_TA0CTL_L                         0340
        _A_TA0CCTL0_L                       NOT NEEDED
        _A_TA0CCTL2_L                       NOT NEEDED
        _A_TA0CCR0_L                        NOT NEEDED
        _A_TA0CCR1_L                        NOT NEEDED
        _A_TA0CCR2_L                        NOT NEEDED
        _A_TA0EX0_L                         0360
        _A_TB0CTL_L                         03C0
        _A_TB0CCTL3_L                       03C8
        _A_TB0CCTL4_L                       03CA
        _A_TB0CCTL5_L                       03CC
        _A_TB0CCTL6_L                       03CE
        _A_TB0CCR0_L                        03D2
        _A_TB0CCR3_L                        03D8
        _A_TB0CCR4_L                        03DA
        _A_TB0CCR5_L                        03DC
        _A_TB0CCR6_L                        03DE
        Init_Timer_A0                       4BBA
        Init_Timer_B0                       4C40
        Init_Timers                         4F42
        ?setjmp_save_r4                     NOT NEEDED
        ?setjmp_save_r5                     NOT NEEDED
        TA0CTL                              0340
        TA0CTL_H                            0341
        TA0CTL_L                            0340
        TA0CCTL0                            0342
        TA0CCTL0_H                          0343
        TA0CCTL0_L                          0342
        TA0CCTL2                            0346
        TA0CCTL2_H                          0347
        TA0CCTL2_L                          0346
        TA0CCR0                             0352
        TA0CCR0_H                           0353
        TA0CCR0_L                           0352
        TA0CCR1                             0354
        TA0CCR1_H                           0355
        TA0CCR1_L                           0354
        TA0CCR2                             0356
        TA0CCR2_H                           0357
        TA0CCR2_L                           0356
        TA0EX0                              0360
        TA0EX0_H                            0361
        TA0EX0_L                            0360
        TB0CTL                              03C0
        TB0CTL_H                            03C1
        TB0CTL_L                            03C0
        TB0CCTL3                            03C8
        TB0CCTL3_H                          03C9
        TB0CCTL3_L                          03C8
        TB0CCTL4                            03CA
        TB0CCTL4_H                          03CB
        TB0CCTL4_L                          03CA
        TB0CCTL5                            03CC
        TB0CCTL5_H                          03CD
        TB0CCTL5_L                          03CC
        TB0CCTL6                            03CE
        TB0CCTL6_H                          03CF
        TB0CCTL6_L                          03CE
        TB0CCR0                             03D2
        TB0CCR0_H                           03D3
        TB0CCR0_L                           03D2
        TB0CCR3                             03D8
        TB0CCR3_H                           03D9
        TB0CCR3_L                           03D8
        TB0CCR4                             03DA
        TB0CCR4_H                           03DB
        TB0CCR4_L                           03DA
        TB0CCR5                             03DC
        TB0CCR5_H                           03DD
        TB0CCR5_L                           03DC
        TB0CCR6                             03DE
        TB0CCR6_H                           03DF
        TB0CCR6_L                           03DE
wait ( C:\Users\Ahmed\Desktop\New_directory\Debug\Obj\wait.r43 )
        wait_counter                        1C3E
        wait_counter_5ms                    NOT NEEDED
        wait_case                           1C40
        wait_case_5ms                       NOT NEEDED
        wait_5ms                            NOT NEEDED
        wait_100ms                          4E0A
        ?setjmp_save_r4                     NOT NEEDED
        ?setjmp_save_r5                     NOT NEEDED
?abort ( C:\Program Files (x86)\IAR Systems\Embedded Workbench 8.0\430\lib\dlib\dl430xlsfn.r43 )
        abort                               NOT NEEDED
?__dbg_break ( C:\Program Files (x86)\IAR Systems\Embedded Workbench 8.0\430\lib\dlib\dl430xlsfn.r43 )
        __DebugBreak                        4F64
?__dwrite ( C:\Program Files (x86)\IAR Systems\Embedded Workbench 8.0\430\lib\dlib\dl430xlsfn.r43 )
        __dwrite                            NOT NEEDED
?__exit ( C:\Program Files (x86)\IAR Systems\Embedded Workbench 8.0\430\lib\dlib\dl430xlsfn.r43 )
        __exit                              4E92
?__write ( C:\Program Files (x86)\IAR Systems\Embedded Workbench 8.0\430\lib\dlib\dl430xlsfn.r43 )
        __write                             NOT NEEDED
?_exit ( C:\Program Files (x86)\IAR Systems\Embedded Workbench 8.0\430\lib\dlib\dl430xlsfn.r43 )
        _exit                               4F5C
        __cstart_call_dtors                 NOT NEEDED
        __cstart_closeall                   NOT NEEDED
        __cstart_clearlocks                 NOT NEEDED
?cppinit ( C:\Program Files (x86)\IAR Systems\Embedded Workbench 8.0\430\lib\dlib\dl430xlsfn.r43 )
        __call_ctors                        NOT NEEDED
        __alloc_record_needed_destruction   NOT NEEDED
        __record_needed_destruction         NOT NEEDED
        __call_dtors                        NOT NEEDED
        __data16_vec_cctor                  NOT NEEDED
?cstart ( C:\Program Files (x86)\IAR Systems\Embedded Workbench 8.0\430\lib\dlib\dl430xlsfn.r43 )
        __program_start                     405C
        ?cstart_begin                       405C
        ?cstart_call_mpu_init               NOT NEEDED
        ?cstart_call_frwp_init              NOT NEEDED
        ?cstart_call_low_level_init         NOT NEEDED
        ?cstart_init_copy_ramfunc           NOT NEEDED
        ?cstart_init_zero                   4060
        ?cstart_init_copy                   NOT NEEDED
        ?cstart_init_zero20                 NOT NEEDED
        ?cstart_init_copy20                 NOT NEEDED
        __cstart_init_tls                   NOT NEEDED
        ?cstart_call_ctors                  NOT NEEDED
        ?cstart_call_main                   406C
        ?cstart_end                         4074
lowinit ( C:\Program Files (x86)\IAR Systems\Embedded Workbench 8.0\430\lib\dlib\dl430xlsfn.r43 )
        __low_level_init                    NOT NEEDED
?reset_vector ( C:\Program Files (x86)\IAR Systems\Embedded Workbench 8.0\430\lib\dlib\dl430xlsfn.r43 )
        ?reset_vector                       FFFE
?exit ( C:\Program Files (x86)\IAR Systems\Embedded Workbench 8.0\430\lib\dlib\dl430xlsfn.r43 )
        exit                                4F60
?FrwpInit ( C:\Program Files (x86)\IAR Systems\Embedded Workbench 8.0\430\lib\dlib\dl430xlsfn.r43 )
        __iar_430_frwp_init                 NOT NEEDED
?malloc ( C:\Program Files (x86)\IAR Systems\Embedded Workbench 8.0\430\lib\dlib\dl430xlsfn.r43 )
        malloc                              NOT NEEDED
?memcpy ( C:\Program Files (x86)\IAR Systems\Embedded Workbench 8.0\430\lib\dlib\dl430xlsfn.r43 )
        memcpy                              NOT NEEDED
?memmove ( C:\Program Files (x86)\IAR Systems\Embedded Workbench 8.0\430\lib\dlib\dl430xlsfn.r43 )
        memmove                             NOT NEEDED
?memzero ( C:\Program Files (x86)\IAR Systems\Embedded Workbench 8.0\430\lib\dlib\dl430xlsfn.r43 )
        __data16_memzero                    4EE0
        __data16_memcpy                     NOT NEEDED
        __data16_memmove                    NOT NEEDED
?MpuInit ( C:\Program Files (x86)\IAR Systems\Embedded Workbench 8.0\430\lib\dlib\dl430xlsfn.r43 )
        __iar_430_mpu_init                  NOT NEEDED
        ?mpu1_4k_init                       NOT NEEDED
        ?mpu1_8k_init                       NOT NEEDED
        ?mpu1_16k_init                      NOT NEEDED
        ?mpu2_init                          NOT NEEDED
?setjmp ( C:\Program Files (x86)\IAR Systems\Embedded Workbench 8.0\430\lib\dlib\dl430xlsfn.r43 )
        setjmp                              NOT NEEDED
        ?setjmp_r5                          NOT NEEDED
        ?setjmp_r4                          NOT NEEDED
        ?setjmp_end                         NOT NEEDED
?longjmp ( C:\Program Files (x86)\IAR Systems\Embedded Workbench 8.0\430\lib\dlib\dl430xlsfn.r43 )
        longjmp                             NOT NEEDED
        ?longjmp_r5                         NOT NEEDED
        ?longjmp_r4                         NOT NEEDED
        ?longjmp_end                        NOT NEEDED
?IndCallR11 ( C:\Program Files (x86)\IAR Systems\Embedded Workbench 8.0\430\lib\dlib\dl430xlsfn.r43 )
        ?IndCallR11                         NOT NEEDED
?IndCallR15 ( C:\Program Files (x86)\IAR Systems\Embedded Workbench 8.0\430\lib\dlib\dl430xlsfn.r43 )
        ?IndCallR15                         NOT NEEDED
?strcmp ( C:\Program Files (x86)\IAR Systems\Embedded Workbench 8.0\430\lib\dlib\dl430xlsfn.r43 )
        strcmp                              4DD0
?strcpy ( C:\Program Files (x86)\IAR Systems\Embedded Workbench 8.0\430\lib\dlib\dl430xlsfn.r43 )
        strcpy                              4F00
?xcloseall ( C:\Program Files (x86)\IAR Systems\Embedded Workbench 8.0\430\lib\dlib\dl430xlsfn.r43 )
        _Close_all                          NOT NEEDED
?xgetmemchunk ( C:\Program Files (x86)\IAR Systems\Embedded Workbench 8.0\430\lib\dlib\dl430xlsfn.r43 )
        __data16_GetMemChunk                NOT NEEDED
?xxmemxfree ( C:\Program Files (x86)\IAR Systems\Embedded Workbench 8.0\430\lib\dlib\dl430xlsfn.r43 )
        __data16_free                       NOT NEEDED
?xxmemxmalloc ( C:\Program Files (x86)\IAR Systems\Embedded Workbench 8.0\430\lib\dlib\dl430xlsfn.r43 )
        __data16_Aldata                     NOT NEEDED
        __data16_malloc                     NOT NEEDED
        __data16_findmem                     LOCAL, NOT NEEDED


                ****************************************
                *                                      *
                *            MODULE SUMMARY            *
                *                                      *
                ****************************************

Module               CODE      DATA      CONST
------               ----      ----      -----
                    (Rel)  (Rel)  (Abs)  (Rel)
?__dbg_break            2
?__exit                20
?_exit                  4
?cstart                24
?exit                   4
?memzero               16
?reset_vector           2
?strcmp                30
?strcpy                16
ADC                   304            22
  + shared                            2
Init_serial           276     44     16     11
  + shared                            8
Interrupt_adc         112      6      8
  + common             94
Interrupt_serial      188     24      8
  + common             98
Interrupt_timers      180      6      2
  + shared             92             8
  + common
LCD                   640     57     10
  + shared                            8
buttons                78     12
  + shared             56             6
  + common
clocks                 90            16
display               130                   11
init                   90
  + shared                            2
led                    10
main                  332     28      2     39
menu                   88                   30
ports               1 042            34
system                  6
timers                140            24
wait                   28      4
N/A (command line)           160
N/A (alignment)
----------          -----    ---    ---     --
Total:              3 852    341    176     91
  + common             98


                ****************************************
                *                                      *
                *      SEGMENTS IN ADDRESS ORDER       *
                *                                      *
                ****************************************


SEGMENT              SPACE    START ADDRESS   END ADDRESS     SIZE  TYPE  ALIGN
=======              =====    =============   ===========     ====  ====  =====
DATA16_AN                              0102 - 0103               2   rel    0
                                       0130 - 0131               2 
                                       015C - 015D               2 
                                       0160 - 016B               C 
                                       0202 - 0205               4 
                                       020A - 020D               4 
                                       0222 - 0225               4 
                                       022A - 022D               4 
                                       0242 - 0247               6 
                                       024A - 024D               4 
                                       0258 - 025D               6 
                                       0262 - 0265               4 
                                       026A - 026D               4 
                                       0324 - 0325               2 
                                       032A - 032D               4 
                                       0340 - 0347               8 
                                       0352 - 0357               6 
                                       0360 - 0361               2 
                                       036E - 036F               2 
                                       03C0 - 03C1               2 
                                       03C8 - 03CF               8 
                                       03D2 - 03D3               2 
                                       03D8 - 03DF               8 
                                       05C0 - 05C1               2 
                                       05C6 - 05C9               4 
                                       05CC - 05CF               4 
                                       05DA - 05DF               6 
                                       0620 - 0621               2 
                                       0626 - 0629               4 
                                       062C - 062F               4 
                                       063A - 063F               6 
                                       0680 - 0681               2 
                                       0686 - 0687               2 
                                       068C - 068F               4 
                                       06AC - 06AD               2 
                                       0800 - 0807               8 
                                       0812 - 0819               8 
                                       0820 - 0829               A 
                                       0860 - 0865               6 
DATA16_I                                  1C00                       dse    0
DATA16_Z                               1C00 - 1CB4              B5   rel    1
DATA20_I                                  1CB6                       rel    1
DATA20_Z                                  1CB6                       rel    1
DATA20_N                                  1CB6                       rel    1
CODE_I                                    1CB6                       rel    1
CSTACK                                 2B60 - 2BFF              A0   rel    1
DATA16_C                               4000 - 405A              5B   rel    0
CSTART                                 405C - 4073              18   rel    1
ISR_CODE                               4074 - 42A1             22E   rel    1
<CODE> 1                               42A2 - 4F65             CC4   rel    1
CODE_ID                                   4F66                       rel    1
DATA20_C                                  4F66                       rel    1
DATA20_ID                                 4F66                       rel    1
INTVEC                                 FF90 - FFF1              62   com    1
RESET                                  FFFE - FFFF               2   rel    1

                ****************************************
                *                                      *
                *        END OF CROSS REFERENCE        *
                *                                      *
                ****************************************

 3 950 bytes of CODE  memory
   341 bytes of DATA  memory (+ 176 absolute )
    91 bytes of CONST memory

Errors: none
Warnings: none

