################################################################################
#                                                                              #
#      IAR Universal Linker V6.5.1.95                                          #
#                                                                              #
#           Link time     =  04/Dec/2018  11:06:30                             #
#           Target CPU    =  MSP430                                            #
#           List file     =  "C:\Users\Ahmed\Desktop\Project 10- New Approach\ #
#                            Project 10\Debug\List\Project 10.map"             #
#           Output file 1 =  "C:\Users\Ahmed\Desktop\Project 10- New Approach\ #
#                            Project 10\Debug\Exe\Project 10.d43"              #
#                            Format: ubrof10                                   #
#                            UBROF version 10.0.6                              #
#                            Using library modules for C-SPY (-rt)             #
#           Command line  =  -f C:\Users\Ahmed\AppData\Local\Temp\EW713D.tmp   #
#                            ("C:\Users\Ahmed\Desktop\Project 10- New Approach #
#                            \Project 10\Debug\Obj\ADC.r43"                    #
#                            "C:\Users\Ahmed\Desktop\Project 10- New Approach\ #
#                            Project 10\Debug\Obj\buttons.r43"                 #
#                            "C:\Users\Ahmed\Desktop\Project 10- New Approach\ #
#                            Project 10\Debug\Obj\clocks.r43"                  #
#                            "C:\Users\Ahmed\Desktop\Project 10- New Approach\ #
#                            Project 10\Debug\Obj\convert.r43"                 #
#                            "C:\Users\Ahmed\Desktop\Project 10- New Approach\ #
#                            Project 10\Debug\Obj\display.r43"                 #
#                            "C:\Users\Ahmed\Desktop\Project 10- New Approach\ #
#                            Project 10\Debug\Obj\init.r43"                    #
#                            "C:\Users\Ahmed\Desktop\Project 10- New Approach\ #
#                            Project 10\Debug\Obj\Init_serial.r43"             #
#                            "C:\Users\Ahmed\Desktop\Project 10- New Approach\ #
#                            Project 10\Debug\Obj\Interrupt_adc.r43"           #
#                            "C:\Users\Ahmed\Desktop\Project 10- New Approach\ #
#                            Project 10\Debug\Obj\Interrupt_serial.r43"        #
#                            "C:\Users\Ahmed\Desktop\Project 10- New Approach\ #
#                            Project 10\Debug\Obj\Interrupt_timers.r43"        #
#                            "C:\Users\Ahmed\Desktop\Project 10- New Approach\ #
#                            Project 10\Debug\Obj\IoT.r43"                     #
#                            "C:\Users\Ahmed\Desktop\Project 10- New Approach\ #
#                            Project 10\Compiled\LCD.r43"                      #
#                            "C:\Users\Ahmed\Desktop\Project 10- New Approach\ #
#                            Project 10\Debug\Obj\led.r43"                     #
#                            "C:\Users\Ahmed\Desktop\Project 10- New Approach\ #
#                            Project 10\Debug\Obj\main.r43"                    #
#                            "C:\Users\Ahmed\Desktop\Project 10- New Approach\ #
#                            Project 10\Debug\Obj\menu.r43"                    #
#                            "C:\Users\Ahmed\Desktop\Project 10- New Approach\ #
#                            Project 10\Debug\Obj\movements.r43"               #
#                            "C:\Users\Ahmed\Desktop\Project 10- New Approach\ #
#                            Project 10\Debug\Obj\ports.r43"                   #
#                            "C:\Users\Ahmed\Desktop\Project 10- New Approach\ #
#                            Project 10\Debug\Obj\system.r43"                  #
#                            "C:\Users\Ahmed\Desktop\Project 10- New Approach\ #
#                            Project 10\Debug\Obj\timers.r43"                  #
#                            "C:\Users\Ahmed\Desktop\Project 10- New Approach\ #
#                            Project 10\Debug\Obj\wait.r43"                    #
#                            -o                                                #
#                            "C:\Users\Ahmed\Desktop\Project 10- New Approach\ #
#                            Project 10\Debug\Exe\Project 10.d43"              #
#                            -l                                                #
#                            "C:\Users\Ahmed\Desktop\Project 10- New Approach\ #
#                            Project 10\Debug\List\Project 10.map"             #
#                            -xesni                                            #
#                            "-IC:\Program Files (x86)\IAR Systems\Embedded Wo #
#                            rkbench 8.0\430\LIB\"                             #
#                            -f                                                #
#                            "C:\Program Files (x86)\IAR Systems\Embedded Work #
#                            bench 8.0\430\config\linker\lnk430fr5994.xcl"     #
#                            (-cmsp430 -QCODE_I=CODE_ID -QTLS16_I=TLS16_ID     #
#                            -D__iar_HWMUL=4C0 -Z(CONST)INFO=1800-19FF         #
#                            -Z(CONST)INFOA=1980-19FF                          #
#                            -Z(CONST)INFOB=1900-197F                          #
#                            -Z(CONST)INFOC=1880-18FF                          #
#                            -Z(CONST)INFOD=1800-187F                          #
#                            -Z(DATA)TINYRAM=000A-001F                         #
#                            -Z(DATA)LEARAM=2C00-3AC7                          #
#                            -Z(DATA)LEASTACK=3AC8-3BFF                        #
#                            -Z(DATA)DATA16_I,DATA16_Z,DATA16_N,TLS16_I=1C00-2 #
#                            BFF                                               #
#                            -Z(DATA)CODE_I                                    #
#                            -Z(DATA)DATA20_I,DATA20_Z,DATA20_N                #
#                            -Z(DATA)CSTACK+_STACK_SIZE#                       #
#                            -Z(CONST)DATA16_P,DATA20_P=4000-FF7F              #
#                            -Z(DATA)DATA16_HEAP+_DATA16_HEAP_SIZE             #
#                            -Z(DATA)DATA20_HEAP+_DATA20_HEAP_SIZE             #
#                            -Z(CONST)MPU_B1 -Z(CONST)IPE_B1=4000-FF7F         #
#                            -Z(DATA)IPEDATA16_N -Z(CODE)IPECODE16             #
#                            -Z(CONST)IPEDATA16_C,IPE_B2 -Z(CONST)MPU_B2       #
#                            -Z(CONST)DATA16_C,DATA16_ID,TLS16_ID,DIFUNCT,CHEC #
#                            KSUM=4000-FF7F                                    #
#                            -Z(CODE)CSTART,ISR_CODE,CODE16=4000-FF7F          #
#                            -P(CODE)CODE=4000-FF7F,10000-43FFF                #
#                            -Z(CODE)CODE_PAD                                  #
#                            -Z(CONST)DATA20_C,DATA20_ID,CODE_ID=4000-FF7F,100 #
#                            40-43FFF                                          #
#                            -Z(CONST)JTAGSIGNATURE=FF80-FF83                  #
#                            -Z(CONST)BSLSIGNATURE=FF84-FF87                   #
#                            -Z(CONST)IPESIGNATURE=FF88-FF8F                   #
#                            -Z(CODE)INTVEC=FF90-FFFF                          #
#                            -Z(CODE)RESET=FFFE-FFFF) -f                       #
#                            "C:\Program Files (x86)\IAR Systems\Embedded Work #
#                            bench 8.0\430\config\linker\multiplier32.xcl"     #
#                            (-e?Mul8Hw=?Mul8 -e?Mul16Hw=?Mul16                #
#                            -e?Mul16to32uHw=?Mul16to32u                       #
#                            -e?Mul16to32sHw=?Mul16to32s -e?Mul32Hw32=?Mul32   #
#                            -e?Mul64Hw32=_Mul64i                              #
#                            -e?Mul32u32uto64iHw32=_Mul32u32uto64i             #
#                            -e?Mul32fHw32=_Mul32f                             #
#                            -e_Mul64fHw32Ptr=_Mul64fPtr) -D_STACK_SIZE=A0     #
#                            -rt                                               #
#                            "C:\Program Files (x86)\IAR Systems\Embedded Work #
#                            bench 8.0\430\lib\dlib\dl430xlsfn.r43"            #
#                            -e_PrintfLarge=_Printf -e_ScanfLarge=_Scanf       #
#                            -D_DATA16_HEAP_SIZE=A0 -s __program_start         #
#                            -D_DATA20_HEAP_SIZE=50)                           #
#                                                                              #
#                           Copyright (C) 1987-2016 IAR Systems AB.            #
################################################################################





                ****************************************
                *                                      *
                *           CROSS REFERENCE            *
                *                                      *
                ****************************************

       Program entry at :           4138  Relocatable, from module : ?cstart




                ****************************************
                *                                      *
                *            RUNTIME MODEL             *
                *                                      *
                ****************************************

  __Heap_Handler             = Basic
  __SystemLibrary            = DLib
  __code_model               = large
  __core                     = 430X
  __data_model               = small
  __dlib_file_descriptor     = 0
  __dlib_full_locale_support = 0
  __double_size              = 32
  __pic                      = no
  __reg_r4                   = free
  __reg_r5                   = free
  __rt_version               = 3

                ****************************************
                *                                      *
                *    AUTOMATIC SYMBOL REDIRECTIONS     *
                *                                      *
                ****************************************

                  There are no automatic symbol redirections.

                ****************************************
                *                                      *
                *              ENTRY LIST              *
                *                                      *
                ****************************************

Module  Entry                              Address
------  -----                              -------
?FILLER_BYTES
?ABS_ENTRY_MOD
        _DATA20_HEAP_SIZE                   0050
        _DATA16_HEAP_SIZE                   00A0
        _STACK_SIZE                         00A0
        __iar_HWMUL                         04C0
ADC ( C:\Users\Ahmed\Desktop\Project 10- New Approach\Project 10\Debug\Obj\ADC.r43 )
        _A_ADC12CTL0_L                      0800
        _A_ADC12CTL1_L                      0802
        _A_ADC12CTL2_L                      0804
        _A_ADC12CTL3_L                      0806
        _A_ADC12IER0_L                      0812
        _A_ADC12IER1_L                      0814
        _A_ADC12IER2_L                      0816
        _A_ADC12MCTL0_L                     0820
        _A_ADC12MCTL1_L                     0822
        _A_ADC12MCTL2_L                     0824
        _A_ADC12MCTL3_L                     0826
        _A_ADC12MCTL4_L                     0828
        Init_ADC                            4872
        ?setjmp_save_r4                     NOT NEEDED
        ?setjmp_save_r5                     NOT NEEDED
        ADC12CTL0                           0800
        ADC12CTL0_H                         0801
        ADC12CTL0_L                         0800
        ADC12CTL1                           0802
        ADC12CTL1_H                         0803
        ADC12CTL1_L                         0802
        ADC12CTL2                           0804
        ADC12CTL2_H                         0805
        ADC12CTL2_L                         0804
        ADC12CTL3                           0806
        ADC12CTL3_H                         0807
        ADC12CTL3_L                         0806
        ADC12IER0                           0812
        ADC12IER0_H                         0813
        ADC12IER0_L                         0812
        ADC12IER1                           0814
        ADC12IER1_H                         0815
        ADC12IER1_L                         0814
        ADC12IER2                           0816
        ADC12IER2_H                         0817
        ADC12IER2_L                         0816
        ADC12MCTL0                          0820
        ADC12MCTL0_H                        0821
        ADC12MCTL0_L                        0820
        ADC12MCTL1                          0822
        ADC12MCTL1_H                        0823
        ADC12MCTL1_L                        0822
        ADC12MCTL2                          0824
        ADC12MCTL2_H                        0825
        ADC12MCTL2_L                        0824
        ADC12MCTL3                          0826
        ADC12MCTL3_H                        0827
        ADC12MCTL3_L                        0826
        ADC12MCTL4                          0828
        ADC12MCTL4_H                        0829
        ADC12MCTL4_L                        0828
buttons ( C:\Users\Ahmed\Desktop\Project 10- New Approach\Project 10\Debug\Obj\buttons.r43 )
        _A_PCIE_L                           025A
        _A_PCIFG_L                          025C
        _A_TA0CCTL1_L                       0344
        b1                                  1C0C
        debounce1                           1C0E
        debounce1_count                     1C10
        b2                                  1C12
        debounce2                           1C14
        debounce2_count                     1C16
        BUTTON_interrupt                    4160
        BUTTON_interrupt::??INTVEC 54       FFC6
        ?setjmp_save_r4                     NOT NEEDED
        ?setjmp_save_r5                     NOT NEEDED
        PCIE                                025A
        PCIE_H                              025B
        PCIE_L                              025A
        PCIFG                               025C
        PCIFG_H                             025D
        PCIFG_L                             025C
        TA0CCTL1                            0344
        TA0CCTL1_H                          0345
        TA0CCTL1_L                          0344
clocks ( C:\Users\Ahmed\Desktop\Project 10- New Approach\Project 10\Debug\Obj\clocks.r43 )
        _A_CSCTL0_L                         0160
        _A_CSCTL1_L                         0162
        _A_CSCTL2_L                         0164
        _A_CSCTL3_L                         0166
        _A_CSCTL4_L                         0168
        _A_CSCTL5_L                         016A
        _A_SFRIFG1_L                        0102
        _A_WDTCTL_L                         015C
        Init_Clocks                         5174
        ?setjmp_save_r4                     NOT NEEDED
        ?setjmp_save_r5                     NOT NEEDED
        CSCTL0                              0160
        CSCTL0_H                            0161
        CSCTL0_L                            0160
        CSCTL1                              0162
        CSCTL1_H                            0163
        CSCTL1_L                            0162
        CSCTL2                              0164
        CSCTL2_H                            0165
        CSCTL2_L                            0164
        CSCTL3                              0166
        CSCTL3_H                            0167
        CSCTL3_L                            0166
        CSCTL4                              0168
        CSCTL4_H                            0169
        CSCTL4_L                            0168
        CSCTL5                              016A
        CSCTL5_H                            016B
        CSCTL5_L                            016A
        SFRIFG1                             0102
        SFRIFG1_H                           0103
        SFRIFG1_L                           0102
        WDTCTL                              015C
        WDTCTL_H                            015D
        WDTCTL_L                            015C
convert ( C:\Users\Ahmed\Desktop\Project 10- New Approach\Project 10\Debug\Obj\convert.r43 )
        adc_char                            1C82
        HEXtoBCD2                           4A62
        ?setjmp_save_r4                     NOT NEEDED
        ?setjmp_save_r5                     NOT NEEDED
display ( C:\Users\Ahmed\Desktop\Project 10- New Approach\Project 10\Debug\Obj\display.r43 )
        clear_display_line                  56DA
        display_string_line                 53C0
        clear_display                       5824
        ?setjmp_save_r4                     NOT NEEDED
        ?setjmp_save_r5                     NOT NEEDED
init ( C:\Users\Ahmed\Desktop\Project 10- New Approach\Project 10\Debug\Obj\init.r43 )
        Init_Conditions                     511A
        ?setjmp_save_r4                     NOT NEEDED
        ?setjmp_save_r5                     NOT NEEDED
Init_serial ( C:\Users\Ahmed\Desktop\Project 10- New Approach\Project 10\Debug\Obj\Init_serial.r43 )
        _A_UCA0CTLW0_L                      05C0
        _A_UCA0BRW_L                        05C6
        _A_UCA0MCTLW_L                      05C8
        _A_UCA0TXBUF_L                      05CE
        _A_UCA0IE_L                         05DA
        _A_UCA0IFG_L                        05DC
        _A_UCA3CTLW0_L                      0620
        _A_UCA3BRW_L                        0626
        _A_UCA3MCTLW_L                      0628
        _A_UCA3TXBUF_L                      062E
        _A_UCA3IE_L                         063A
        _A_UCA3IFG_L                        063C
        A0_rx_ring_wr                       1C18
        A3_rx_ring_wr                       1C1A
        A0_rx_ring_rd                       1C1C
        A3_rx_ring_rd                       1C1E
        usb_rx_ring_rd                      NOT NEEDED
        usb_tx_ring_wr                      1C20
        usb_tx_ring_rd                      1C22
        A0_Char_Rx                          1C86
        A3_Char_Rx                          1C96
        here                                NOT NEEDED
        out_character_A0                    NOT NEEDED
        out_string_A0                       NOT NEEDED
        out_character_A3                    597E
        out_string_A3                       521E
        Init_Serial_UCA0                    533C
        Init_Serial_UCA3                    537E
        Init_Serial                         5950
        ?setjmp_save_r4                     NOT NEEDED
        ?setjmp_save_r5                     NOT NEEDED
        UCA0CTLW0                           05C0
        UCA0CTLW0_H                         05C1
        UCA0CTLW0_L                         05C0
        UCA0BRW                             05C6
        UCA0BRW_H                           05C7
        UCA0BRW_L                           05C6
        UCA0MCTLW                           05C8
        UCA0MCTLW_H                         05C9
        UCA0MCTLW_L                         05C8
        UCA0TXBUF                           05CE
        UCA0TXBUF_H                         05CF
        UCA0TXBUF_L                         05CE
        UCA0IE                              05DA
        UCA0IE_H                            05DB
        UCA0IE_L                            05DA
        UCA0IFG                             05DC
        UCA0IFG_H                           05DD
        UCA0IFG_L                           05DC
        UCA3CTLW0                           0620
        UCA3CTLW0_H                         0621
        UCA3CTLW0_L                         0620
        UCA3BRW                             0626
        UCA3BRW_H                           0627
        UCA3BRW_L                           0626
        UCA3MCTLW                           0628
        UCA3MCTLW_H                         0629
        UCA3MCTLW_L                         0628
        UCA3TXBUF                           062E
        UCA3TXBUF_H                         062F
        UCA3TXBUF_L                         062E
        UCA3IE                              063A
        UCA3IE_H                            063B
        UCA3IE_L                            063A
        UCA3IFG                             063C
        UCA3IFG_H                           063D
        UCA3IFG_L                           063C
Interrupt_adc ( C:\Users\Ahmed\Desktop\Project 10- New Approach\Project 10\Debug\Obj\Interrupt_adc.r43 )
        _A_ADC12IER0_L                      NOT NEEDED
        _A_ADC12IV_L                        0818
        _A_ADC12MEM0_L                      0860
        _A_ADC12MEM1_L                      0862
        _A_ADC12MEM2_L                      0864
        ADC_Thumb                           1C24
        ADC_Right_Detector                  1C26
        ADC_Left_Detector                   1C28
        ADC12_ISR                           41AE
        ADC12_ISR::??INTVEC 92              FFEC
        ?setjmp_save_r4                     NOT NEEDED
        ?setjmp_save_r5                     NOT NEEDED
        ADC12IER0                           0812
        ADC12IER0_H                         0813
        ADC12IER0_L                         0812
        ADC12IV                             0818
        ADC12IV_H                           0819
        ADC12IV_L                           0818
        ADC12MEM0                           0860
        ADC12MEM0_H                         0861
        ADC12MEM0_L                         0860
        ADC12MEM1                           0862
        ADC12MEM1_H                         0863
        ADC12MEM1_L                         0862
        ADC12MEM2                           0864
        ADC12MEM2_H                         0865
        ADC12MEM2_L                         0864
Interrupt_serial ( C:\Users\Ahmed\Desktop\Project 10- New Approach\Project 10\Debug\Obj\Interrupt_serial.r43 )
        _A_UCA0RXBUF_L                      05CC
        _A_UCA0TXBUF_L                      NOT NEEDED
        _A_UCA0IFG_L                        NOT NEEDED
        _A_UCA0IV_L                         05DE
        _A_UCA3RXBUF_L                      062C
        _A_UCA3TXBUF_L                      NOT NEEDED
        _A_UCA3IFG_L                        NOT NEEDED
        _A_UCA3IV_L                         063E
        recieved_flag_A0                    NOT NEEDED
        recieved_flag_A3                    NOT NEEDED
        rx_temp_A0                          NOT NEEDED
        rx_temp_A3                          NOT NEEDED
        A0_recieve_complete                 NOT NEEDED
        command_recieved                    1C2A
        command_recieved3                   NOT NEEDED
        temp                                1CA6
        index_a3                            1C2C
        temp_index3                         1C2E
        process_buffer3                     1CA7
        command_buffer3                     1CB7
        command_index                       NOT NEEDED
        temp_A3                             1CDD
        i_recieved                          NOT NEEDED
        ip_length                           1C30
        ip_recieved                         1C32
        p                                   1C34
        find_ip                             1C00
        ip_address                          1CDE
        ip_found                            1C36
        caret_index                         1C38
        copy_ip                             NOT NEEDED
        er_stop                             1C42
        eUSCI_A0_ISR                        421E
        eUSCI_A3_ISR                        428A
        eUSCI_A3_ISR::??INTVEC 48           FFC0
        eUSCI_A0_ISR::??INTVEC 96           FFF0
        ?setjmp_save_r4                     NOT NEEDED
        ?setjmp_save_r5                     NOT NEEDED
        UCA0RXBUF                           05CC
        UCA0RXBUF_H                         05CD
        UCA0RXBUF_L                         05CC
        UCA0TXBUF                           05CE
        UCA0TXBUF_H                         05CF
        UCA0TXBUF_L                         05CE
        UCA0IFG                             05DC
        UCA0IFG_H                           05DD
        UCA0IFG_L                           05DC
        UCA0IV                              05DE
        UCA0IV_H                            05DF
        UCA0IV_L                            05DE
        UCA3RXBUF                           062C
        UCA3RXBUF_H                         062D
        UCA3RXBUF_L                         062C
        UCA3TXBUF                           062E
        UCA3TXBUF_H                         062F
        UCA3TXBUF_L                         062E
        UCA3IFG                             063C
        UCA3IFG_H                           063D
        UCA3IFG_L                           063C
        UCA3IV                              063E
        UCA3IV_H                            063F
        UCA3IV_L                            063E
Interrupt_timers ( C:\Users\Ahmed\Desktop\Project 10- New Approach\Project 10\Debug\Obj\Interrupt_timers.r43 )
        _A_ADC12IER0_L                      NOT NEEDED
        _A_PAOUT_L                          0202
        _A_PCIE_L                           NOT NEEDED
        _A_TA0CCTL0_L                       0342
        _A_TA0CCTL1_L                       NOT NEEDED
        _A_TA0CCR0_L                        0352
        _A_TA0CCR1_L                        0354
        _A_TA0CCR2_L                        0356
        _A_TA0IV_L                          036E
        lcd_update_count                    1C44
        timer_a0                            NOT NEEDED
        timer_a3                            NOT NEEDED
        led_blink_count                     NOT NEEDED
        Timer0_A0_ISR                       4378
        TIMER0_A1_ISR                       4398
        TIMER0_A1_ISR::??INTVEC 88          FFE8
        Timer0_A0_ISR::??INTVEC 90          FFEA
        ?setjmp_save_r4                     NOT NEEDED
        ?setjmp_save_r5                     NOT NEEDED
        ADC12IER0                           0812
        ADC12IER0_H                         0813
        ADC12IER0_L                         0812
        PAOUT                               0202
        PAOUT_H                             0203
        PAOUT_L                             0202
        PCIE                                025A
        PCIE_H                              025B
        PCIE_L                              025A
        TA0CCTL0                            0342
        TA0CCTL0_H                          0343
        TA0CCTL0_L                          0342
        TA0CCTL1                            0344
        TA0CCTL1_H                          0345
        TA0CCTL1_L                          0344
        TA0CCR0                             0352
        TA0CCR0_H                           0353
        TA0CCR0_L                           0352
        TA0CCR1                             0354
        TA0CCR1_H                           0355
        TA0CCR1_L                           0354
        TA0CCR2                             0356
        TA0CCR2_H                           0357
        TA0CCR2_L                           0356
        TA0IV                               036E
        TA0IV_H                             036F
        TA0IV_L                             036E
IoT ( C:\Users\Ahmed\Desktop\Project 10- New Approach\Project 10\Debug\Obj\IoT.r43 )
        ctr                                 NOT NEEDED
        stop_flag                           NOT NEEDED
        reconnect_cnt                       1C46
        arch                                1CEE
        increment_cmd_index                 591C
        check_password                      51CE
        interrogate_command                 443C
        service_IOT_command                 5532
        reconnect_connection                5442
        print_ip_address                    526C
        ?setjmp_save_r4                     NOT NEEDED
        ?setjmp_save_r5                     NOT NEEDED
LCD ( C:\Users\Ahmed\Desktop\Project 10- New Approach\Project 10\Compiled\LCD.r43 )
        _A_PBOUT_L                          0222
        _A_PCOUT_L                          0242
        _A_TA0CCTL2_L                       0346
        _A_TA0CCR2_L                        NOT NEEDED
        _A_UCB1CTLW0_L                      0680
        _A_UCB1BRW_L                        0686
        _A_UCB1RXBUF_L                      068C
        _A_UCB1TXBUF_L                      068E
        _A_UCB1IFG_L                        06AC
        current_character                   1CEF
        update_display_count                1C48
        display_update_time                 NOT NEEDED
        update_display                      1CF0
        display_changed                     1CF1
        lcd_control                         NOT NEEDED
        display_line                        1CF2
        display                             1C4A
        posi_L1                             NOT NEEDED
        posi_L2                             NOT NEEDED
        posi_L3                             NOT NEEDED
        posi_L4                             NOT NEEDED
        char_count                          NOT NEEDED
        current_line                        NOT NEEDED
        LCD_test                            NOT NEEDED
        spi_chipselect_idle                 592E
        spi_chipselect_active               599A
        spi_reset_idle                      59B8
        spi_reset_active                    59BE
        Display_Process                     5748
        Display_Update                      52B2
        enable_display_update               5970
        update_string                       NOT NEEDED
        Init_LCD                            4C8A
        lcd_4line                           598C
        lcd_BIG_mid                         57CC
        lcd_out                             5724
        lcd_puts                            NOT NEEDED
        WriteIns                            568E
        WriteData                           56B4
        CheckBusy                           NOT NEEDED
        ClrDisplay                          5858
        ClrDisplay_Buffer_0                 58AA
        ClrDisplay_Buffer_1                 586E
        ClrDisplay_Buffer_2                 5896
        ClrDisplay_Buffer_3                 58BE
        SetPostion                          NOT NEEDED
        DisplayOnOff                        58D2
        Init_SPI_B1                         5480
        SPI_B1_write                        5808
        ?setjmp_save_r4                     NOT NEEDED
        ?setjmp_save_r5                     NOT NEEDED
        PBOUT                               0222
        PBOUT_H                             0223
        PBOUT_L                             0222
        PCOUT                               0242
        PCOUT_H                             0243
        PCOUT_L                             0242
        TA0CCTL2                            0346
        TA0CCTL2_H                          0347
        TA0CCTL2_L                          0346
        TA0CCR2                             0356
        TA0CCR2_H                           0357
        TA0CCR2_L                           0356
        UCB1CTLW0                           0680
        UCB1CTLW0_H                         0681
        UCB1CTLW0_L                         0680
        UCB1BRW                             0686
        UCB1BRW_H                           0687
        UCB1BRW_L                           0686
        UCB1RXBUF                           068C
        UCB1RXBUF_H                         068D
        UCB1RXBUF_L                         068C
        UCB1TXBUF                           068E
        UCB1TXBUF_H                         068F
        UCB1TXBUF_L                         068E
        UCB1IFG                             06AC
        UCB1IFG_H                           06AD
        UCB1IFG_L                           06AC
led ( C:\Users\Ahmed\Desktop\Project 10- New Approach\Project 10\Debug\Obj\led.r43 )
        _A_PAOUT_L                          NOT NEEDED
        Init_LEDs                           59A6
        ?setjmp_save_r4                     NOT NEEDED
        ?setjmp_save_r5                     NOT NEEDED
        PAOUT                               0202
        PAOUT_H                             0203
        PAOUT_L                             0202
main ( C:\Users\Ahmed\Desktop\Project 10- New Approach\Project 10\Debug\Obj\main.r43 )
        _A_PBOUT_L                          NOT NEEDED
        _A_PCOUT_L                          NOT NEEDED
        _A_PDOUT_L                          0262
        _A_PM5CTL0_L                        0130
        strstr                              58E6
        display_mode                        NOT NEEDED
        intercept_flag                      1C52
        b2_count                            NOT NEEDED
        b1_count                            NOT NEEDED
        timer_count                         NOT NEEDED
        state                               1C54
        start_sampling                      NOT NEEDED
        debounce_count                      NOT NEEDED
        pwm_state                           1D1E
        chosen_direction                    NOT NEEDED
        cutoff                              NOT NEEDED
        timer                               NOT NEEDED
        step3_done                          NOT NEEDED
        temp_time                           NOT NEEDED
        UCA3_index                          NOT NEEDED
        transmit_done                       NOT NEEDED
        j                                   NOT NEEDED
        A0_index                            NOT NEEDED
        command_complete_A3                 1C56
        command_recieved_A3                 1C58
        process_buffer                      1D1F
        temp_index                          1C5A
        cmd_index                           1C5C
        time_requested                      1C5E
        current_thumb                       1C60
        option                              1D2F
        password                            1C62
        command_complete                    1C64
        menu_on                             1C02
        a                                   1C66
        b                                   1C68
        c                                   1C6A
        ii                                  1C6C
        cmd_cnt                             1C6E
        temp_right                          1C70
        temp_left                           1C72
        white                               1C04
        black                               1C06
        gray                                1C08
        adc_on                              1C0A
        main                                4682
        ?setjmp_save_r4                     NOT NEEDED
        ?setjmp_save_r5                     NOT NEEDED
        PBOUT                               0222
        PBOUT_H                             0223
        PBOUT_L                             0222
        PCOUT                               0242
        PCOUT_H                             0243
        PCOUT_L                             0242
        PDOUT                               0262
        PDOUT_H                             0263
        PDOUT_L                             0262
        PM5CTL0                             0130
        PM5CTL0_H                           0131
        PM5CTL0_L                           0130
menu ( C:\Users\Ahmed\Desktop\Project 10- New Approach\Project 10\Debug\Obj\menu.r43 )
        i                                   NOT NEEDED
        main_menu                           4B20
        ?setjmp_save_r4                     NOT NEEDED
        ?setjmp_save_r5                     NOT NEEDED
movements ( C:\Users\Ahmed\Desktop\Project 10- New Approach\Project 10\Debug\Obj\movements.r43 )
        _A_PDOUT_L                          NOT NEEDED
        _A_TB0CCR0_L                        03D2
        _A_TB0CCR3_L                        03D8
        _A_TB0CCR4_L                        03DA
        _A_TB0CCR5_L                        03DC
        _A_TB0CCR6_L                        03DE
        current_time                        NOT NEEDED
        time_to_travel                      NOT NEEDED
        forward_moving                      1C74
        reverse_moving                      1C76
        dark_gray                           1C78
        white_detected                      NOT NEEDED
        first_state_done                    NOT NEEDED
        wheels_off                          590A
        exit_circle                         57AC
        follow                              4F92
        spin2                               556C
        electronic_brakes                   583E
        detect_white                        NOT NEEDED
        intercept                           4BD8
        intercept_and_follow                4DAC
        go_forward                          54BE
        go_reverse                          54F8
        turn_right                          563A
        turn_left                           560E
        ?setjmp_save_r4                     NOT NEEDED
        ?setjmp_save_r5                     NOT NEEDED
        PDOUT                               0262
        PDOUT_H                             0263
        PDOUT_L                             0262
        TB0CCR0                             03D2
        TB0CCR0_H                           03D3
        TB0CCR0_L                           03D2
        TB0CCR3                             03D8
        TB0CCR3_H                           03D9
        TB0CCR3_L                           03D8
        TB0CCR4                             03DA
        TB0CCR4_H                           03DB
        TB0CCR4_L                           03DA
        TB0CCR5                             03DC
        TB0CCR5_H                           03DD
        TB0CCR5_L                           03DC
        TB0CCR6                             03DE
        TB0CCR6_H                           03DF
        TB0CCR6_L                           03DE
ports ( C:\Users\Ahmed\Desktop\Project 10- New Approach\Project 10\Debug\Obj\ports.r43 )
        _A_PAOUT_L                          NOT NEEDED
        _A_PADIR_L                          0204
        _A_PASEL0_L                         020A
        _A_PASEL1_L                         020C
        _A_PBOUT_L                          NOT NEEDED
        _A_PBDIR_L                          0224
        _A_PBSEL0_L                         022A
        _A_PBSEL1_L                         022C
        _A_PCOUT_L                          NOT NEEDED
        _A_PCDIR_L                          0244
        _A_PCREN_L                          0246
        _A_PCSEL0_L                         024A
        _A_PCSEL1_L                         024C
        _A_PCIES_L                          0258
        _A_PCIE_L                           NOT NEEDED
        _A_PCIFG_L                          NOT NEEDED
        _A_PDOUT_L                          NOT NEEDED
        _A_PDDIR_L                          0264
        _A_PDSEL0_L                         026A
        _A_PDSEL1_L                         026C
        _A_PJOUT_L                          0322
        _A_PJDIR_L                          0324
        _A_PJSEL0_L                         032A
        _A_PJSEL1_L                         032C
        Init_Port_1                         4EAE
        Init_Port_2                         4F24
        Init_Port_3                         4D26
        Init_Port_4                         4FFE
        Init_Port_5                         49A2
        Init_Port_6                         4E30
        Init_Port_7                         5062
        Init_Port_8                         55A4
        Init_Port_J                         50C0
        Init_Ports                          5700
        ?setjmp_save_r4                     NOT NEEDED
        ?setjmp_save_r5                     NOT NEEDED
        PAOUT                               0202
        PAOUT_H                             0203
        PAOUT_L                             0202
        PADIR                               0204
        PADIR_H                             0205
        PADIR_L                             0204
        PASEL0                              020A
        PASEL0_H                            020B
        PASEL0_L                            020A
        PASEL1                              020C
        PASEL1_H                            020D
        PASEL1_L                            020C
        PBOUT                               0222
        PBOUT_H                             0223
        PBOUT_L                             0222
        PBDIR                               0224
        PBDIR_H                             0225
        PBDIR_L                             0224
        PBSEL0                              022A
        PBSEL0_H                            022B
        PBSEL0_L                            022A
        PBSEL1                              022C
        PBSEL1_H                            022D
        PBSEL1_L                            022C
        PCOUT                               0242
        PCOUT_H                             0243
        PCOUT_L                             0242
        PCDIR                               0244
        PCDIR_H                             0245
        PCDIR_L                             0244
        PCREN                               0246
        PCREN_H                             0247
        PCREN_L                             0246
        PCSEL0                              024A
        PCSEL0_H                            024B
        PCSEL0_L                            024A
        PCSEL1                              024C
        PCSEL1_H                            024D
        PCSEL1_L                            024C
        PCIES                               0258
        PCIES_H                             0259
        PCIES_L                             0258
        PCIE                                025A
        PCIE_H                              025B
        PCIE_L                              025A
        PCIFG                               025C
        PCIFG_H                             025D
        PCIFG_L                             025C
        PDOUT                               0262
        PDOUT_H                             0263
        PDOUT_L                             0262
        PDDIR                               0264
        PDDIR_H                             0265
        PDDIR_L                             0264
        PDSEL0                              026A
        PDSEL0_H                            026B
        PDSEL0_L                            026A
        PDSEL1                              026C
        PDSEL1_H                            026D
        PDSEL1_L                            026C
        PJOUT                               0322
        PJOUT_H                             0323
        PJOUT_L                             0322
        PJDIR                               0324
        PJDIR_H                             0325
        PJDIR_L                             0324
        PJSEL0                              032A
        PJSEL0_H                            032B
        PJSEL0_L                            032A
        PJSEL1                              032C
        PJSEL1_H                            032D
        PJSEL1_L                            032C
system ( C:\Users\Ahmed\Desktop\Project 10- New Approach\Project 10\Debug\Obj\system.r43 )
        enable_interrupts                   59C4
        ?setjmp_save_r4                     NOT NEEDED
        ?setjmp_save_r5                     NOT NEEDED
timers ( C:\Users\Ahmed\Desktop\Project 10- New Approach\Project 10\Debug\Obj\timers.r43 )
        _A_TA0CTL_L                         0340
        _A_TA0CCTL0_L                       NOT NEEDED
        _A_TA0CCTL2_L                       NOT NEEDED
        _A_TA0CCR0_L                        NOT NEEDED
        _A_TA0CCR1_L                        NOT NEEDED
        _A_TA0CCR2_L                        NOT NEEDED
        _A_TA0EX0_L                         0360
        _A_TB0CTL_L                         03C0
        _A_TB0CCTL3_L                       03C8
        _A_TB0CCTL4_L                       03CA
        _A_TB0CCTL5_L                       03CC
        _A_TB0CCTL6_L                       03CE
        _A_TB0CCR0_L                        NOT NEEDED
        _A_TB0CCR3_L                        NOT NEEDED
        _A_TB0CCR4_L                        NOT NEEDED
        _A_TB0CCR5_L                        NOT NEEDED
        _A_TB0CCR6_L                        NOT NEEDED
        timer_polling                       578C
        Init_Timer_A0                       52F8
        Init_Timer_B0                       5402
        Init_Timers                         59B0
        ?setjmp_save_r4                     NOT NEEDED
        ?setjmp_save_r5                     NOT NEEDED
        TA0CTL                              0340
        TA0CTL_H                            0341
        TA0CTL_L                            0340
        TA0CCTL0                            0342
        TA0CCTL0_H                          0343
        TA0CCTL0_L                          0342
        TA0CCTL2                            0346
        TA0CCTL2_H                          0347
        TA0CCTL2_L                          0346
        TA0CCR0                             0352
        TA0CCR0_H                           0353
        TA0CCR0_L                           0352
        TA0CCR1                             0354
        TA0CCR1_H                           0355
        TA0CCR1_L                           0354
        TA0CCR2                             0356
        TA0CCR2_H                           0357
        TA0CCR2_L                           0356
        TA0EX0                              0360
        TA0EX0_H                            0361
        TA0EX0_L                            0360
        TB0CTL                              03C0
        TB0CTL_H                            03C1
        TB0CTL_L                            03C0
        TB0CCTL3                            03C8
        TB0CCTL3_H                          03C9
        TB0CCTL3_L                          03C8
        TB0CCTL4                            03CA
        TB0CCTL4_H                          03CB
        TB0CCTL4_L                          03CA
        TB0CCTL5                            03CC
        TB0CCTL5_H                          03CD
        TB0CCTL5_L                          03CC
        TB0CCTL6                            03CE
        TB0CCTL6_H                          03CF
        TB0CCTL6_L                          03CE
        TB0CCR0                             03D2
        TB0CCR0_H                           03D3
        TB0CCR0_L                           03D2
        TB0CCR3                             03D8
        TB0CCR3_H                           03D9
        TB0CCR3_L                           03D8
        TB0CCR4                             03DA
        TB0CCR4_H                           03DB
        TB0CCR4_L                           03DA
        TB0CCR5                             03DC
        TB0CCR5_H                           03DD
        TB0CCR5_L                           03DC
        TB0CCR6                             03DE
        TB0CCR6_H                           03DF
        TB0CCR6_L                           03DE
wait ( C:\Users\Ahmed\Desktop\Project 10- New Approach\Project 10\Debug\Obj\wait.r43 )
        wait_counter                        1C7A
        wait_counter_5ms                    1C7C
        wait_case                           1C7E
        wait_case_5ms                       1C80
        wait_5ms                            NOT NEEDED
        wait_100ms                          5666
        ?setjmp_save_r4                     NOT NEEDED
        ?setjmp_save_r5                     NOT NEEDED
?abort ( C:\Program Files (x86)\IAR Systems\Embedded Workbench 8.0\430\lib\dlib\dl430xlsfn.r43 )
        abort                               NOT NEEDED
?__dbg_break ( C:\Program Files (x86)\IAR Systems\Embedded Workbench 8.0\430\lib\dlib\dl430xlsfn.r43 )
        __DebugBreak                        59D6
?__dwrite ( C:\Program Files (x86)\IAR Systems\Embedded Workbench 8.0\430\lib\dlib\dl430xlsfn.r43 )
        __dwrite                            NOT NEEDED
?__exit ( C:\Program Files (x86)\IAR Systems\Embedded Workbench 8.0\430\lib\dlib\dl430xlsfn.r43 )
        __exit                              5882
?__write ( C:\Program Files (x86)\IAR Systems\Embedded Workbench 8.0\430\lib\dlib\dl430xlsfn.r43 )
        __write                             NOT NEEDED
?_exit ( C:\Program Files (x86)\IAR Systems\Embedded Workbench 8.0\430\lib\dlib\dl430xlsfn.r43 )
        _exit                               59CA
        __cstart_call_dtors                 NOT NEEDED
        __cstart_closeall                   NOT NEEDED
        __cstart_clearlocks                 NOT NEEDED
?cppinit ( C:\Program Files (x86)\IAR Systems\Embedded Workbench 8.0\430\lib\dlib\dl430xlsfn.r43 )
        __call_ctors                        NOT NEEDED
        __alloc_record_needed_destruction   NOT NEEDED
        __record_needed_destruction         NOT NEEDED
        __call_dtors                        NOT NEEDED
        __data16_vec_cctor                  NOT NEEDED
?cstart ( C:\Program Files (x86)\IAR Systems\Embedded Workbench 8.0\430\lib\dlib\dl430xlsfn.r43 )
        __program_start                     4138
        ?cstart_begin                       4138
        ?cstart_call_mpu_init               NOT NEEDED
        ?cstart_call_frwp_init              NOT NEEDED
        ?cstart_call_low_level_init         NOT NEEDED
        ?cstart_init_copy_ramfunc           NOT NEEDED
        ?cstart_init_zero                   413C
        ?cstart_init_copy                   4148
        ?cstart_init_zero20                 NOT NEEDED
        ?cstart_init_copy20                 NOT NEEDED
        __cstart_init_tls                   NOT NEEDED
        ?cstart_call_ctors                  NOT NEEDED
        ?cstart_call_main                   4158
        ?cstart_end                         4160
lowinit ( C:\Program Files (x86)\IAR Systems\Embedded Workbench 8.0\430\lib\dlib\dl430xlsfn.r43 )
        __low_level_init                    NOT NEEDED
?reset_vector ( C:\Program Files (x86)\IAR Systems\Embedded Workbench 8.0\430\lib\dlib\dl430xlsfn.r43 )
        ?reset_vector                       FFFE
?exit ( C:\Program Files (x86)\IAR Systems\Embedded Workbench 8.0\430\lib\dlib\dl430xlsfn.r43 )
        exit                                59CE
?FrwpInit ( C:\Program Files (x86)\IAR Systems\Embedded Workbench 8.0\430\lib\dlib\dl430xlsfn.r43 )
        __iar_430_frwp_init                 NOT NEEDED
?malloc ( C:\Program Files (x86)\IAR Systems\Embedded Workbench 8.0\430\lib\dlib\dl430xlsfn.r43 )
        malloc                              NOT NEEDED
?memcpy ( C:\Program Files (x86)\IAR Systems\Embedded Workbench 8.0\430\lib\dlib\dl430xlsfn.r43 )
        memcpy                              58F8
?memmove ( C:\Program Files (x86)\IAR Systems\Embedded Workbench 8.0\430\lib\dlib\dl430xlsfn.r43 )
        memmove                             NOT NEEDED
?memzero ( C:\Program Files (x86)\IAR Systems\Embedded Workbench 8.0\430\lib\dlib\dl430xlsfn.r43 )
        __data16_memzero                    5940
        __data16_memcpy                     59D2
        __data16_memmove                    NOT NEEDED
?MpuInit ( C:\Program Files (x86)\IAR Systems\Embedded Workbench 8.0\430\lib\dlib\dl430xlsfn.r43 )
        __iar_430_mpu_init                  NOT NEEDED
        ?mpu1_4k_init                       NOT NEEDED
        ?mpu1_8k_init                       NOT NEEDED
        ?mpu1_16k_init                      NOT NEEDED
        ?mpu2_init                          NOT NEEDED
?setjmp ( C:\Program Files (x86)\IAR Systems\Embedded Workbench 8.0\430\lib\dlib\dl430xlsfn.r43 )
        setjmp                              NOT NEEDED
        ?setjmp_r5                          NOT NEEDED
        ?setjmp_r4                          NOT NEEDED
        ?setjmp_end                         NOT NEEDED
?longjmp ( C:\Program Files (x86)\IAR Systems\Embedded Workbench 8.0\430\lib\dlib\dl430xlsfn.r43 )
        longjmp                             NOT NEEDED
        ?longjmp_r5                         NOT NEEDED
        ?longjmp_r4                         NOT NEEDED
        ?longjmp_end                        NOT NEEDED
?IndCallR11 ( C:\Program Files (x86)\IAR Systems\Embedded Workbench 8.0\430\lib\dlib\dl430xlsfn.r43 )
        ?IndCallR11                         NOT NEEDED
?IndCallR15 ( C:\Program Files (x86)\IAR Systems\Embedded Workbench 8.0\430\lib\dlib\dl430xlsfn.r43 )
        ?IndCallR15                         NOT NEEDED
?strcmp ( C:\Program Files (x86)\IAR Systems\Embedded Workbench 8.0\430\lib\dlib\dl430xlsfn.r43 )
        strcmp                              57EA
?strcpy ( C:\Program Files (x86)\IAR Systems\Embedded Workbench 8.0\430\lib\dlib\dl430xlsfn.r43 )
        strcpy                              5960
?strncpy ( C:\Program Files (x86)\IAR Systems\Embedded Workbench 8.0\430\lib\dlib\dl430xlsfn.r43 )
        strncpy                             576A
?strstr ( C:\Program Files (x86)\IAR Systems\Embedded Workbench 8.0\430\lib\dlib\dl430xlsfn.r43 )
        strstr                              NOT NEEDED
        __iar_Strstr                        55DA
?xcloseall ( C:\Program Files (x86)\IAR Systems\Embedded Workbench 8.0\430\lib\dlib\dl430xlsfn.r43 )
        _Close_all                          NOT NEEDED
?xgetmemchunk ( C:\Program Files (x86)\IAR Systems\Embedded Workbench 8.0\430\lib\dlib\dl430xlsfn.r43 )
        __data16_GetMemChunk                NOT NEEDED
?xxmemxfree ( C:\Program Files (x86)\IAR Systems\Embedded Workbench 8.0\430\lib\dlib\dl430xlsfn.r43 )
        __data16_free                       NOT NEEDED
?xxmemxmalloc ( C:\Program Files (x86)\IAR Systems\Embedded Workbench 8.0\430\lib\dlib\dl430xlsfn.r43 )
        __data16_Aldata                     NOT NEEDED
        __data16_malloc                     NOT NEEDED
        __data16_findmem                     LOCAL, NOT NEEDED


                ****************************************
                *                                      *
                *            MODULE SUMMARY            *
                *                                      *
                ****************************************

Module               CODE      DATA      CONST
------               ----      ----      -----
                    (Rel)  (Rel)  (Abs)  (Rel)
?__dbg_break            2
?__exit                20
?_exit                  4
?cstart                40
?exit                   4
?memcpy                18
?memzero               20
?reset_vector           2
?strcmp                30
?strcpy                16
?strncpy               34
?strstr                52
ADC                   304            22
  + shared                            2
Init_serial           240     44     16
  + shared                            8
Interrupt_adc         112      6      8
  + common             94
Interrupt_serial      346    100      8      2
  + common             98
Interrupt_timers      196      2      2
  + shared             92            10
  + common
IoT                   870      3            80
LCD                   684     57     10
  + shared                            6
buttons                78     12
  + shared             56             6
  + common
clocks                 90            16
convert               190      4
display               130                   11
init                   90
led                    10
main                  496     62      2     79
  + shared             18             2
menu                  184                   60
movements             754      6            79
  + shared                           10
ports               1 054            36
system                  6
timers                172            14
wait                   40      8
N/A (command line)           160
N/A (alignment)
----------          -----    ---    ---    ---
Total:              6 306    464    178    311
  + common             98


                ****************************************
                *                                      *
                *      SEGMENTS IN ADDRESS ORDER       *
                *                                      *
                ****************************************


SEGMENT              SPACE    START ADDRESS   END ADDRESS     SIZE  TYPE  ALIGN
=======              =====    =============   ===========     ====  ====  =====
DATA16_AN                              0102 - 0103               2   rel    0
                                       0130 - 0131               2 
                                       015C - 015D               2 
                                       0160 - 016B               C 
                                       0202 - 0205               4 
                                       020A - 020D               4 
                                       0222 - 0225               4 
                                       022A - 022D               4 
                                       0242 - 0247               6 
                                       024A - 024D               4 
                                       0258 - 025D               6 
                                       0262 - 0265               4 
                                       026A - 026D               4 
                                       0322 - 0325               4 
                                       032A - 032D               4 
                                       0340 - 0347               8 
                                       0352 - 0357               6 
                                       0360 - 0361               2 
                                       036E - 036F               2 
                                       03C0 - 03C1               2 
                                       03C8 - 03CF               8 
                                       03D2 - 03D3               2 
                                       03D8 - 03DF               8 
                                       05C0 - 05C1               2 
                                       05C6 - 05C9               4 
                                       05CC - 05CF               4 
                                       05DA - 05DF               6 
                                       0620 - 0621               2 
                                       0626 - 0629               4 
                                       062C - 062F               4 
                                       063A - 063F               6 
                                       0680 - 0681               2 
                                       0686 - 0687               2 
                                       068C - 068F               4 
                                       06AC - 06AD               2 
                                       0800 - 0807               8 
                                       0812 - 0819               8 
                                       0820 - 0829               A 
                                       0860 - 0865               6 
DATA16_I                               1C00 - 1C0B               C   rel    1
DATA16_Z                               1C0C - 1D2F             124   rel    1
CODE_I                                    1D30                       rel    1
DATA20_I                                  1D30                       rel    1
DATA20_Z                                  1D30                       rel    1
DATA20_N                                  1D30                       rel    1
CSTACK                                 2B60 - 2BFF              A0   rel    1
DATA16_C                               4000 - 412A             12B   rel    0
DATA16_ID                              412C - 4137               C   rel    1
CSTART                                 4138 - 415F              28   rel    1
ISR_CODE                               4160 - 443B             2DC   rel    1
<CODE> 1                               443C - 59D7            159C   rel    1
DATA20_ID                                 59D8                       rel    1
CODE_ID                                   59D8                       rel    1
DATA20_C                                  59D8                       rel    1
INTVEC                                 FF90 - FFF1              62   com    1
RESET                                  FFFE - FFFF               2   rel    1

                ****************************************
                *                                      *
                *        END OF CROSS REFERENCE        *
                *                                      *
                ****************************************

 6 404 bytes of CODE  memory
   464 bytes of DATA  memory (+ 178 absolute )
   311 bytes of CONST memory

Errors: none
Warnings: none

